{
  "version": "1.5.0",
  "plugins_used": [
    {
      "name": "ArtifactoryDetector"
    },
    {
      "name": "AWSKeyDetector"
    },
    {
      "name": "AzureStorageKeyDetector"
    },
    {
      "name": "Base64HighEntropyString",
      "limit": 4.5
    },
    {
      "name": "BasicAuthDetector"
    },
    {
      "name": "CloudantDetector"
    },
    {
      "name": "DiscordBotTokenDetector"
    },
    {
      "name": "GitHubTokenDetector"
    },
    {
      "name": "GitLabTokenDetector"
    },
    {
      "name": "HexHighEntropyString",
      "limit": 3.0
    },
    {
      "name": "IbmCloudIamDetector"
    },
    {
      "name": "IbmCosHmacDetector"
    },
    {
      "name": "IPPublicDetector"
    },
    {
      "name": "JwtTokenDetector"
    },
    {
      "name": "KeywordDetector",
      "keyword_exclude": ""
    },
    {
      "name": "MailchimpDetector"
    },
    {
      "name": "NpmDetector"
    },
    {
      "name": "OpenAIDetector"
    },
    {
      "name": "PrivateKeyDetector"
    },
    {
      "name": "PypiTokenDetector"
    },
    {
      "name": "SendGridDetector"
    },
    {
      "name": "SlackDetector"
    },
    {
      "name": "SoftlayerDetector"
    },
    {
      "name": "SquareOAuthDetector"
    },
    {
      "name": "StripeDetector"
    },
    {
      "name": "TelegramBotTokenDetector"
    },
    {
      "name": "TwilioKeyDetector"
    }
  ],
  "filters_used": [
    {
      "path": "detect_secrets.filters.allowlist.is_line_allowlisted"
    },
    {
      "path": "detect_secrets.filters.common.is_ignored_due_to_verification_policies",
      "min_level": 2
    },
    {
      "path": "detect_secrets.filters.heuristic.is_indirect_reference"
    },
    {
      "path": "detect_secrets.filters.heuristic.is_likely_id_string"
    },
    {
      "path": "detect_secrets.filters.heuristic.is_lock_file"
    },
    {
      "path": "detect_secrets.filters.heuristic.is_not_alphanumeric_string"
    },
    {
      "path": "detect_secrets.filters.heuristic.is_potential_uuid"
    },
    {
      "path": "detect_secrets.filters.heuristic.is_prefixed_with_dollar_sign"
    },
    {
      "path": "detect_secrets.filters.heuristic.is_sequential_string"
    },
    {
      "path": "detect_secrets.filters.heuristic.is_swagger_file"
    },
    {
      "path": "detect_secrets.filters.heuristic.is_templated_secret"
    }
  ],
  "results": {
    "dotemacs/.emacs": [
      {
        "type": "Hex High Entropy String",
        "filename": "dotemacs/.emacs",
        "hashed_secret": "8d4c7fceb614ade61d22edd388e853d3c4d0dc31",
        "is_verified": false,
        "line_number": 60
      }
    ],
    "dotemacs/.emacs.d/misc-language-modes.el": [
      {
        "type": "Base64 High Entropy String",
        "filename": "dotemacs/.emacs.d/misc-language-modes.el",
        "hashed_secret": "9e2ee3408d7ea61d4f2ec22f9e53523ad7ec4b6b",
        "is_verified": false,
        "line_number": 238
      }
    ],
    "dotemacs/.emacs.d/straight/versions/default.el": [
      {
        "type": "Hex High Entropy String",
        "filename": "dotemacs/.emacs.d/straight/versions/default.el",
        "hashed_secret": "dd95294e047f1418a257b316ef87f6646085b56a",
        "is_verified": false,
        "line_number": 1
      },
      {
        "type": "Hex High Entropy String",
        "filename": "dotemacs/.emacs.d/straight/versions/default.el",
        "hashed_secret": "aa5b2d1f1a1ac7ff0fca9616e68fc179bcf5fb04",
        "is_verified": false,
        "line_number": 2
      },
      {
        "type": "Hex High Entropy String",
        "filename": "dotemacs/.emacs.d/straight/versions/default.el",
        "hashed_secret": "2c19b48b25e0ace8f6cff8c0ed2956ed76965ec2",
        "is_verified": false,
        "line_number": 3
      },
      {
        "type": "Hex High Entropy String",
        "filename": "dotemacs/.emacs.d/straight/versions/default.el",
        "hashed_secret": "5033a0489fdbb927efe95407f187affec3d32b0a",
        "is_verified": false,
        "line_number": 4
      },
      {
        "type": "Hex High Entropy String",
        "filename": "dotemacs/.emacs.d/straight/versions/default.el",
        "hashed_secret": "389b07941749708dd21539b00ec59c383b536869",
        "is_verified": false,
        "line_number": 5
      },
      {
        "type": "Hex High Entropy String",
        "filename": "dotemacs/.emacs.d/straight/versions/default.el",
        "hashed_secret": "56dd890ac6372c179709e7ef575a6b544481500f",
        "is_verified": false,
        "line_number": 6
      },
      {
        "type": "Hex High Entropy String",
        "filename": "dotemacs/.emacs.d/straight/versions/default.el",
        "hashed_secret": "3e8017057b2edb37137e15853a1dc2a4db5a4c0f",
        "is_verified": false,
        "line_number": 7
      },
      {
        "type": "Hex High Entropy String",
        "filename": "dotemacs/.emacs.d/straight/versions/default.el",
        "hashed_secret": "2df2ccbdd72b7b21ea72fb9c70a6ae3d6b9361f0",
        "is_verified": false,
        "line_number": 8
      },
      {
        "type": "Hex High Entropy String",
        "filename": "dotemacs/.emacs.d/straight/versions/default.el",
        "hashed_secret": "93f7df74148f89f2fe5285faf7deb2ca12eb5d18",
        "is_verified": false,
        "line_number": 9
      },
      {
        "type": "Hex High Entropy String",
        "filename": "dotemacs/.emacs.d/straight/versions/default.el",
        "hashed_secret": "624f6c95ca03650d36305e04f4231c64c35989c0",
        "is_verified": false,
        "line_number": 10
      },
      {
        "type": "Hex High Entropy String",
        "filename": "dotemacs/.emacs.d/straight/versions/default.el",
        "hashed_secret": "76b85741205ae4c9ad822d59d4dcc7ecc2cd8a64",
        "is_verified": false,
        "line_number": 11
      },
      {
        "type": "Hex High Entropy String",
        "filename": "dotemacs/.emacs.d/straight/versions/default.el",
        "hashed_secret": "c5d67eec4d9c771e2aca3d54b52048f2fc9836b3",
        "is_verified": false,
        "line_number": 12
      },
      {
        "type": "Hex High Entropy String",
        "filename": "dotemacs/.emacs.d/straight/versions/default.el",
        "hashed_secret": "208dbc4e96f61eb7d266ee2fdd13b021c90c4a06",
        "is_verified": false,
        "line_number": 13
      },
      {
        "type": "Hex High Entropy String",
        "filename": "dotemacs/.emacs.d/straight/versions/default.el",
        "hashed_secret": "7d36d7869272bf2377df06285266bacc8a1c6c60",
        "is_verified": false,
        "line_number": 14
      },
      {
        "type": "Hex High Entropy String",
        "filename": "dotemacs/.emacs.d/straight/versions/default.el",
        "hashed_secret": "8deed1f511fff3bbd996a27ce41fb1ab8edeacba",
        "is_verified": false,
        "line_number": 15
      },
      {
        "type": "Hex High Entropy String",
        "filename": "dotemacs/.emacs.d/straight/versions/default.el",
        "hashed_secret": "9afda707540e1319e29f6bd156a4a23a380874a9",
        "is_verified": false,
        "line_number": 16
      },
      {
        "type": "Hex High Entropy String",
        "filename": "dotemacs/.emacs.d/straight/versions/default.el",
        "hashed_secret": "04ec29bd1905560a831b07d13ef262e9c53729d1",
        "is_verified": false,
        "line_number": 17
      },
      {
        "type": "Hex High Entropy String",
        "filename": "dotemacs/.emacs.d/straight/versions/default.el",
        "hashed_secret": "72af1b5e4ef7dce0020731eed34b34a3c8be0177",
        "is_verified": false,
        "line_number": 18
      },
      {
        "type": "Hex High Entropy String",
        "filename": "dotemacs/.emacs.d/straight/versions/default.el",
        "hashed_secret": "035f30c82e2d64bcf7794e606dc0e1bf5aec5be9",
        "is_verified": false,
        "line_number": 19
      },
      {
        "type": "Hex High Entropy String",
        "filename": "dotemacs/.emacs.d/straight/versions/default.el",
        "hashed_secret": "2f13010a23e9083fbfcba45f066652b457963f52",
        "is_verified": false,
        "line_number": 20
      },
      {
        "type": "Hex High Entropy String",
        "filename": "dotemacs/.emacs.d/straight/versions/default.el",
        "hashed_secret": "2e1461e91b2297df6a8535f88daf61283f7aeda7",
        "is_verified": false,
        "line_number": 21
      },
      {
        "type": "Hex High Entropy String",
        "filename": "dotemacs/.emacs.d/straight/versions/default.el",
        "hashed_secret": "217bff6d21103a8de684b04e8f903191df448b5f",
        "is_verified": false,
        "line_number": 22
      },
      {
        "type": "Hex High Entropy String",
        "filename": "dotemacs/.emacs.d/straight/versions/default.el",
        "hashed_secret": "26d8beca3da62cd298dc641dda30ecde6266a19c",
        "is_verified": false,
        "line_number": 23
      },
      {
        "type": "Hex High Entropy String",
        "filename": "dotemacs/.emacs.d/straight/versions/default.el",
        "hashed_secret": "1d97d1634fa5fecb746cb59e6e85271e727d3838",
        "is_verified": false,
        "line_number": 24
      },
      {
        "type": "Hex High Entropy String",
        "filename": "dotemacs/.emacs.d/straight/versions/default.el",
        "hashed_secret": "e723335b848949f69216ab5eddfca81ccad793f9",
        "is_verified": false,
        "line_number": 25
      },
      {
        "type": "Hex High Entropy String",
        "filename": "dotemacs/.emacs.d/straight/versions/default.el",
        "hashed_secret": "27c190b93b219f7472540fffccdaa0336327d8bc",
        "is_verified": false,
        "line_number": 26
      },
      {
        "type": "Hex High Entropy String",
        "filename": "dotemacs/.emacs.d/straight/versions/default.el",
        "hashed_secret": "73141a9a27eea6ae4eb48ddebfeda266f733efe6",
        "is_verified": false,
        "line_number": 27
      },
      {
        "type": "Hex High Entropy String",
        "filename": "dotemacs/.emacs.d/straight/versions/default.el",
        "hashed_secret": "8b360df0615de7aee32f4f646158b73e0e2bf659",
        "is_verified": false,
        "line_number": 28
      },
      {
        "type": "Hex High Entropy String",
        "filename": "dotemacs/.emacs.d/straight/versions/default.el",
        "hashed_secret": "01676eda61ec4bce3d5222f44e3e0ec66309f331",
        "is_verified": false,
        "line_number": 29
      },
      {
        "type": "Hex High Entropy String",
        "filename": "dotemacs/.emacs.d/straight/versions/default.el",
        "hashed_secret": "829f71dd332f593a725bba67b5b32553debc114d",
        "is_verified": false,
        "line_number": 30
      },
      {
        "type": "Hex High Entropy String",
        "filename": "dotemacs/.emacs.d/straight/versions/default.el",
        "hashed_secret": "6e37c33055d4d349c65d89f0ebf00c5afb1b6511",
        "is_verified": false,
        "line_number": 31
      },
      {
        "type": "Hex High Entropy String",
        "filename": "dotemacs/.emacs.d/straight/versions/default.el",
        "hashed_secret": "d8062467ab3e2d1395ccdd73a7b614c8bd6ede1d",
        "is_verified": false,
        "line_number": 32
      },
      {
        "type": "Hex High Entropy String",
        "filename": "dotemacs/.emacs.d/straight/versions/default.el",
        "hashed_secret": "b7ed2bc49c56ff22acd5d103bdbaf7b9c199e6e6",
        "is_verified": false,
        "line_number": 33
      },
      {
        "type": "Hex High Entropy String",
        "filename": "dotemacs/.emacs.d/straight/versions/default.el",
        "hashed_secret": "91095d0af10914edc8fbdb0f90154db48c26dab3",
        "is_verified": false,
        "line_number": 34
      },
      {
        "type": "Hex High Entropy String",
        "filename": "dotemacs/.emacs.d/straight/versions/default.el",
        "hashed_secret": "cc48b82c81b0b4ce05436ecaf2424991f81e9fc3",
        "is_verified": false,
        "line_number": 35
      },
      {
        "type": "Hex High Entropy String",
        "filename": "dotemacs/.emacs.d/straight/versions/default.el",
        "hashed_secret": "84a5db66424e169906c453e62b18c0b40c5b5ba2",
        "is_verified": false,
        "line_number": 36
      },
      {
        "type": "Hex High Entropy String",
        "filename": "dotemacs/.emacs.d/straight/versions/default.el",
        "hashed_secret": "5a4beb018a6024c6426e029f2aa921d119e55f82",
        "is_verified": false,
        "line_number": 37
      },
      {
        "type": "Hex High Entropy String",
        "filename": "dotemacs/.emacs.d/straight/versions/default.el",
        "hashed_secret": "fe8861fbec45112795ec684dedd00ae85f91393a",
        "is_verified": false,
        "line_number": 38
      },
      {
        "type": "Hex High Entropy String",
        "filename": "dotemacs/.emacs.d/straight/versions/default.el",
        "hashed_secret": "d10e3139ad0abfbafdd9af57ed13fab2575c8c43",
        "is_verified": false,
        "line_number": 39
      },
      {
        "type": "Hex High Entropy String",
        "filename": "dotemacs/.emacs.d/straight/versions/default.el",
        "hashed_secret": "20897a42b2c7ca1aa70eb68bfdd2fd2530571d30",
        "is_verified": false,
        "line_number": 40
      },
      {
        "type": "Hex High Entropy String",
        "filename": "dotemacs/.emacs.d/straight/versions/default.el",
        "hashed_secret": "7070cf7f3928d126847665abf3c5fc321098e8d4",
        "is_verified": false,
        "line_number": 41
      },
      {
        "type": "Hex High Entropy String",
        "filename": "dotemacs/.emacs.d/straight/versions/default.el",
        "hashed_secret": "bd8983f761cf6f781ddc9e56a246de4b448e1cd8",
        "is_verified": false,
        "line_number": 42
      },
      {
        "type": "Hex High Entropy String",
        "filename": "dotemacs/.emacs.d/straight/versions/default.el",
        "hashed_secret": "ea3cba64dc45a88bef545d89818c4e94855589bc",
        "is_verified": false,
        "line_number": 43
      },
      {
        "type": "Hex High Entropy String",
        "filename": "dotemacs/.emacs.d/straight/versions/default.el",
        "hashed_secret": "b3a99bfa74404f548ae82953abb09b35b53ae16e",
        "is_verified": false,
        "line_number": 44
      },
      {
        "type": "Hex High Entropy String",
        "filename": "dotemacs/.emacs.d/straight/versions/default.el",
        "hashed_secret": "b919011e1205ccc5ab47421c47f93e35336c0353",
        "is_verified": false,
        "line_number": 45
      },
      {
        "type": "Hex High Entropy String",
        "filename": "dotemacs/.emacs.d/straight/versions/default.el",
        "hashed_secret": "463213e5cbda79665978ed70e06d95c0589934c6",
        "is_verified": false,
        "line_number": 46
      },
      {
        "type": "Hex High Entropy String",
        "filename": "dotemacs/.emacs.d/straight/versions/default.el",
        "hashed_secret": "c1c81d01bb82d7584363eeba708cf1377766e64a",
        "is_verified": false,
        "line_number": 47
      },
      {
        "type": "Hex High Entropy String",
        "filename": "dotemacs/.emacs.d/straight/versions/default.el",
        "hashed_secret": "da49feade69a65c0d8c92ccf5e92aa028e932cab",
        "is_verified": false,
        "line_number": 48
      },
      {
        "type": "Hex High Entropy String",
        "filename": "dotemacs/.emacs.d/straight/versions/default.el",
        "hashed_secret": "5d03d54d10373963acb1b4b14839804815d97dbd",
        "is_verified": false,
        "line_number": 49
      },
      {
        "type": "Hex High Entropy String",
        "filename": "dotemacs/.emacs.d/straight/versions/default.el",
        "hashed_secret": "b759a678e0441ae7b519b578e81fa887b6d15d99",
        "is_verified": false,
        "line_number": 50
      },
      {
        "type": "Hex High Entropy String",
        "filename": "dotemacs/.emacs.d/straight/versions/default.el",
        "hashed_secret": "c2024634ec53d5f99a348c093edf436b150e3baf",
        "is_verified": false,
        "line_number": 51
      },
      {
        "type": "Hex High Entropy String",
        "filename": "dotemacs/.emacs.d/straight/versions/default.el",
        "hashed_secret": "2e04da43516896b534a641d19ca8408180f56af9",
        "is_verified": false,
        "line_number": 52
      },
      {
        "type": "Hex High Entropy String",
        "filename": "dotemacs/.emacs.d/straight/versions/default.el",
        "hashed_secret": "0a4055cdf4799fb96a3d867a7a7aa2d78c36cc7e",
        "is_verified": false,
        "line_number": 53
      },
      {
        "type": "Hex High Entropy String",
        "filename": "dotemacs/.emacs.d/straight/versions/default.el",
        "hashed_secret": "28fa7d9478a82693cfc6b760c5738e769f202743",
        "is_verified": false,
        "line_number": 54
      },
      {
        "type": "Hex High Entropy String",
        "filename": "dotemacs/.emacs.d/straight/versions/default.el",
        "hashed_secret": "1abbd45971e558b3df9416571b692e4cce11b21d",
        "is_verified": false,
        "line_number": 55
      },
      {
        "type": "Hex High Entropy String",
        "filename": "dotemacs/.emacs.d/straight/versions/default.el",
        "hashed_secret": "a6d34fa219bbe097c93b044cc7f3db1b4d396b65",
        "is_verified": false,
        "line_number": 56
      },
      {
        "type": "Hex High Entropy String",
        "filename": "dotemacs/.emacs.d/straight/versions/default.el",
        "hashed_secret": "399c0234c4d2a0b5043e235ef2fd443e88c91189",
        "is_verified": false,
        "line_number": 57
      },
      {
        "type": "Hex High Entropy String",
        "filename": "dotemacs/.emacs.d/straight/versions/default.el",
        "hashed_secret": "5e3883081916b18411f7c225e6ee6c143538f6f4",
        "is_verified": false,
        "line_number": 58
      },
      {
        "type": "Hex High Entropy String",
        "filename": "dotemacs/.emacs.d/straight/versions/default.el",
        "hashed_secret": "d1ebeaa7ad665c402df39434e7a78273f4090e27",
        "is_verified": false,
        "line_number": 59
      },
      {
        "type": "Hex High Entropy String",
        "filename": "dotemacs/.emacs.d/straight/versions/default.el",
        "hashed_secret": "aaf80f4fe5e10d8c6eb1eba3c00157b5af2d9321",
        "is_verified": false,
        "line_number": 60
      },
      {
        "type": "Hex High Entropy String",
        "filename": "dotemacs/.emacs.d/straight/versions/default.el",
        "hashed_secret": "4b18fb4abd5baff4b8883949014173a94f3b008b",
        "is_verified": false,
        "line_number": 61
      },
      {
        "type": "Hex High Entropy String",
        "filename": "dotemacs/.emacs.d/straight/versions/default.el",
        "hashed_secret": "b4623ca304467838214da9ba642e643f2b1dd336",
        "is_verified": false,
        "line_number": 62
      },
      {
        "type": "Hex High Entropy String",
        "filename": "dotemacs/.emacs.d/straight/versions/default.el",
        "hashed_secret": "676eb644926a23c837d37d78808af593753aa53f",
        "is_verified": false,
        "line_number": 63
      },
      {
        "type": "Hex High Entropy String",
        "filename": "dotemacs/.emacs.d/straight/versions/default.el",
        "hashed_secret": "9896da73dabeee6a5bc99b35cc9e37737c2c3bca",
        "is_verified": false,
        "line_number": 64
      },
      {
        "type": "Hex High Entropy String",
        "filename": "dotemacs/.emacs.d/straight/versions/default.el",
        "hashed_secret": "5e17db168fd1a913b4a72bf42e6cca2dc8600e16",
        "is_verified": false,
        "line_number": 65
      },
      {
        "type": "Hex High Entropy String",
        "filename": "dotemacs/.emacs.d/straight/versions/default.el",
        "hashed_secret": "0e7222693da2443895dfca26f2739086764ca0bf",
        "is_verified": false,
        "line_number": 66
      },
      {
        "type": "Hex High Entropy String",
        "filename": "dotemacs/.emacs.d/straight/versions/default.el",
        "hashed_secret": "54a6fc596f4ab3242e4bd72cb6d57b20befd280e",
        "is_verified": false,
        "line_number": 67
      },
      {
        "type": "Hex High Entropy String",
        "filename": "dotemacs/.emacs.d/straight/versions/default.el",
        "hashed_secret": "d39712925fe28a34ed04b465eae346acc7f56c8e",
        "is_verified": false,
        "line_number": 68
      },
      {
        "type": "Hex High Entropy String",
        "filename": "dotemacs/.emacs.d/straight/versions/default.el",
        "hashed_secret": "e277dc0382536b68790b826be722b79746bd7590",
        "is_verified": false,
        "line_number": 69
      },
      {
        "type": "Hex High Entropy String",
        "filename": "dotemacs/.emacs.d/straight/versions/default.el",
        "hashed_secret": "2bcfd4b76695d37c678c481bd33dc036a24ed8f7",
        "is_verified": false,
        "line_number": 70
      },
      {
        "type": "Hex High Entropy String",
        "filename": "dotemacs/.emacs.d/straight/versions/default.el",
        "hashed_secret": "01f1ada370632841cd30c4b7205ad4991a34d958",
        "is_verified": false,
        "line_number": 71
      }
    ]
  },
  "generated_at": "2026-08-12T13:38:48Z"
}
